INFO 2026-02-17 08:39:00,888 autoreload Watching for file changes with StatReloader
INFO 2026-02-17 08:39:30,635 autoreload D:\BACKUP\Complete Projects\mpesa_system_application\backend\backend\settings.py changed, reloading.
INFO 2026-02-17 08:39:32,284 autoreload Watching for file changes with StatReloader
INFO 2026-02-17 08:40:06,797 autoreload Watching for file changes with StatReloader
WARNING 2026-02-17 08:42:07,058 log Unauthorized: /api/v1/auth/login/
WARNING 2026-02-17 08:42:07,062 basehttp "POST /api/v1/auth/login/ HTTP/1.1" 401 131
WARNING 2026-02-17 08:42:29,779 log Method Not Allowed: /api/v1/auth/login/
WARNING 2026-02-17 08:42:29,782 basehttp "PUT /api/v1/auth/login/ HTTP/1.1" 405 40
WARNING 2026-02-17 08:42:42,478 log Unauthorized: /api/v1/auth/login/
WARNING 2026-02-17 08:42:42,479 basehttp "POST /api/v1/auth/login/ HTTP/1.1" 401 131
WARNING 2026-02-17 08:43:28,267 log Unauthorized: /api/v1/auth/login/
WARNING 2026-02-17 08:43:28,269 basehttp "POST /api/v1/auth/login/ HTTP/1.1" 401 94
INFO 2026-02-17 08:49:59,452 autoreload D:\BACKUP\Complete Projects\mpesa_system_application\backend\web_app\models.py changed, reloading.
INFO 2026-02-17 08:50:01,201 autoreload Watching for file changes with StatReloader
INFO 2026-02-17 08:50:03,312 autoreload D:\BACKUP\Complete Projects\mpesa_system_application\backend\web_app\models.py changed, reloading.
INFO 2026-02-17 08:50:04,917 autoreload Watching for file changes with StatReloader
INFO 2026-02-17 08:50:18,679 autoreload D:\BACKUP\Complete Projects\mpesa_system_application\backend\web_app\models.py changed, reloading.
INFO 2026-02-17 08:50:20,682 autoreload Watching for file changes with StatReloader
INFO 2026-02-17 08:50:24,683 autoreload D:\BACKUP\Complete Projects\mpesa_system_application\backend\web_app\models.py changed, reloading.
INFO 2026-02-17 08:50:26,703 autoreload Watching for file changes with StatReloader
INFO 2026-02-17 08:50:32,522 autoreload D:\BACKUP\Complete Projects\mpesa_system_application\backend\web_app\models.py changed, reloading.
INFO 2026-02-17 08:50:34,224 autoreload Watching for file changes with StatReloader
INFO 2026-02-17 08:50:41,201 autoreload D:\BACKUP\Complete Projects\mpesa_system_application\backend\web_app\models.py changed, reloading.
INFO 2026-02-17 08:50:43,006 autoreload Watching for file changes with StatReloader
INFO 2026-02-17 08:50:56,811 autoreload D:\BACKUP\Complete Projects\mpesa_system_application\backend\web_app\models.py changed, reloading.
INFO 2026-02-17 08:50:58,363 autoreload Watching for file changes with StatReloader
INFO 2026-02-17 08:51:01,974 autoreload D:\BACKUP\Complete Projects\mpesa_system_application\backend\web_app\models.py changed, reloading.
INFO 2026-02-17 08:51:03,562 autoreload Watching for file changes with StatReloader
INFO 2026-02-17 08:51:06,115 autoreload D:\BACKUP\Complete Projects\mpesa_system_application\backend\web_app\models.py changed, reloading.
INFO 2026-02-17 08:51:07,652 autoreload Watching for file changes with StatReloader
INFO 2026-02-17 08:51:57,360 autoreload D:\BACKUP\Complete Projects\mpesa_system_application\backend\web_app\models.py changed, reloading.
INFO 2026-02-17 08:51:59,122 autoreload Watching for file changes with StatReloader
INFO 2026-02-17 08:52:02,825 autoreload D:\BACKUP\Complete Projects\mpesa_system_application\backend\web_app\models.py changed, reloading.
INFO 2026-02-17 08:52:04,323 autoreload Watching for file changes with StatReloader
INFO 2026-02-17 08:52:06,211 autoreload D:\BACKUP\Complete Projects\mpesa_system_application\backend\web_app\models.py changed, reloading.
INFO 2026-02-17 08:52:08,109 autoreload Watching for file changes with StatReloader
INFO 2026-02-17 08:52:11,786 autoreload D:\BACKUP\Complete Projects\mpesa_system_application\backend\web_app\models.py changed, reloading.
INFO 2026-02-17 08:52:13,394 autoreload Watching for file changes with StatReloader
INFO 2026-02-17 08:52:16,403 autoreload D:\BACKUP\Complete Projects\mpesa_system_application\backend\web_app\models.py changed, reloading.
INFO 2026-02-17 08:52:18,148 autoreload Watching for file changes with StatReloader
INFO 2026-02-17 11:05:59,393 autoreload Watching for file changes with StatReloader
